// Jest Snapshot v1, https://goo.gl/fbAQLP

exports[`matches snapshot 1`] = `
<DocumentFragment>
  <ul>
    <li />
  </ul>
  <button>
    Remove Task
  </button>
</DocumentFragment>
`;
